{"name": "authenticated manager", "timestamp": "2026-10-04T02:02:59.468851+02:00", "passed": true, "status": 200, "decision": "ALLOW", "policy": "portfolio_restricted", "event_agrees": true}
{"name": "analyst restricted denial", "timestamp": "2026-10-04T02:02:59.483720+02:00", "passed": true, "status": 200, "decision": "BLOCK", "policy": "portfolio_restricted", "event_agrees": true}
{"name": "credential principal cannot spoof manager", "timestamp": "2026-10-04T02:02:59.497212+02:00", "passed": true, "status": 200, "decision": "BLOCK", "policy": "identity", "event_agrees": true}
{"name": "unknown resource", "timestamp": "2026-10-04T02:02:59.510813+02:00", "passed": true, "status": 200, "decision": "BLOCK", "policy": "fail_closed", "event_agrees": true}
{"name": "missing classification", "timestamp": "2026-10-04T02:02:59.525134+02:00", "passed": true, "status": 200, "decision": "BLOCK", "policy": "fail_closed", "event_agrees": true}
{"name": "server classification cannot be lowered", "timestamp": "2026-10-04T02:02:59.538649+02:00", "passed": true, "status": 200, "decision": "BLOCK", "policy": "classification", "event_agrees": true}
{"name": "restricted external regardless of injected prompt", "timestamp": "2026-10-04T02:02:59.552702+02:00", "passed": true, "status": 200, "decision": "BLOCK", "policy": "external_exfiltration", "event_agrees": true}
{"name": "public external positive", "timestamp": "2026-10-04T02:02:59.566984+02:00", "passed": true, "status": 200, "decision": "ALLOW", "policy": "market_public", "event_agrees": true}
{"name": "banned shell inert proposal", "timestamp": "2026-10-04T02:02:59.582323+02:00", "passed": true, "status": 200, "decision": "BLOCK", "policy": "tool_guard", "event_agrees": true}
{"name": "banned HTTP owned downstream", "timestamp": "2026-10-04T02:02:59.595733+02:00", "passed": true, "status": 200, "decision": "BLOCK", "policy": "tool_guard", "event_agrees": true}
{"name": "mismatched tool destination", "timestamp": "2026-10-04T02:02:59.609629+02:00", "passed": true, "status": 200, "decision": "BLOCK", "policy": "tool_guard", "event_agrees": true}
{"name": "nested tool resource", "timestamp": "2026-10-04T02:02:59.623919+02:00", "passed": true, "status": 200, "decision": "BLOCK", "policy": "tool_guard", "event_agrees": true}
{"name": "extra nested tool argument", "timestamp": "2026-10-04T02:02:59.638564+02:00", "passed": true, "status": 200, "decision": "BLOCK", "policy": "tool_guard", "event_agrees": true}
{"name": "owned downstream remains untouched", "timestamp": "2026-10-04T02:02:59.638564+02:00", "passed": true, "calls": 0, "marker_absent": true}
{"name": "allowlisted matching tool", "timestamp": "2026-10-04T02:02:59.652968+02:00", "passed": true, "status": 200, "decision": "ALLOW", "policy": "portfolio_restricted", "event_agrees": true}
{"name": "supported synthetic secret", "timestamp": "2026-10-04T02:02:59.668953+02:00", "passed": true, "status": 200, "decision": "REDACT", "policy": "output_secrets", "event_agrees": true}
{"name": "encoded configured credential suffix", "timestamp": "2026-10-04T02:02:59.683860+02:00", "passed": true, "status": 200, "decision": "REDACT", "policy": "output_secrets", "event_agrees": true}
{"name": "encoded configured credential prose", "timestamp": "2026-10-04T02:02:59.699463+02:00", "passed": true, "status": 200, "decision": "REDACT", "policy": "output_secrets", "event_agrees": true}
{"name": "benign encoding preserved", "timestamp": "2026-10-04T02:02:59.717493+02:00", "passed": true, "status": 200, "decision": "ALLOW", "policy": "portfolio_restricted", "event_agrees": true}
{"name": "pending output absent", "timestamp": "2026-10-04T02:02:59.736364+02:00", "passed": true, "status": 200, "decision": "REQUIRE_APPROVAL", "policy": "portfolio_restricted", "event_agrees": true}
{"name": "approval never grants subsequent execution", "timestamp": "2026-10-04T02:02:59.798441+02:00", "passed": true, "status": 200, "decision": "REQUIRE_APPROVAL", "policy": "portfolio_restricted", "event_agrees": true}
{"name": "approval non-admin mutation replay controls", "timestamp": "2026-10-04T02:02:59.798441+02:00", "passed": true, "unauthorized": 403, "mutation": 422, "resolution": 200, "replay": 409, "executed": false}
{"name": "pending policy-change binding", "timestamp": "2026-10-04T02:02:59.815117+02:00", "passed": true, "status": 200, "decision": "REQUIRE_APPROVAL", "policy": "portfolio_restricted", "event_agrees": true}
{"name": "pending expiry fixture", "timestamp": "2026-10-04T02:02:59.848784+02:00", "passed": true, "status": 200, "decision": "REQUIRE_APPROVAL", "policy": "portfolio_restricted", "event_agrees": true}
{"name": "throttled output absent", "timestamp": "2026-10-04T02:02:59.867259+02:00", "passed": true, "status": 200, "decision": "THROTTLE", "policy": "budget", "event_agrees": true}
{"name": "malformed JSON sanitized", "timestamp": "2026-10-04T02:02:59.877778+02:00", "passed": true, "status": 422, "decision": "BLOCK", "output_absent": true, "no_store": true}
{"name": "duplicate JSON sanitized", "timestamp": "2026-10-04T02:02:59.892997+02:00", "passed": true, "status": 422, "decision": "BLOCK", "output_absent": true, "no_store": true}
{"name": "nonfinite JSON sanitized", "timestamp": "2026-10-04T02:02:59.901543+02:00", "passed": true, "status": 422, "decision": "BLOCK", "output_absent": true, "no_store": true}
{"name": "deep JSON sanitized", "timestamp": "2026-10-04T02:02:59.910558+02:00", "passed": true, "status": 422, "decision": "BLOCK", "output_absent": true, "no_store": true}
{"name": "oversized input sanitized", "timestamp": "2026-10-04T02:02:59.919667+02:00", "passed": true, "status": 413, "decision": "BLOCK", "output_absent": true, "no_store": true}
{"name": "alternate chat route", "timestamp": "2026-10-04T02:02:59.942565+02:00", "passed": true, "denied": 403, "allowed": 200, "offline_canned_output": true}
{"name": "administrative reads protected", "timestamp": "2026-10-04T02:02:59.961417+02:00", "passed": true, "no_credential": 401, "non_admin": 403}
{"name": "untrusted origin refused", "timestamp": "2026-10-04T02:02:59.970790+02:00", "passed": true, "status": 403}
{"name": "committed corpus positive and attack controls", "timestamp": "2026-10-04T02:03:00.000585+02:00", "passed": true, "total": 16, "passed_cases": 16, "failed": 0, "unexpected_allows": 0}
{"name": "weakened disposable policy negative control", "timestamp": "2026-10-04T02:03:10.120293+02:00", "passed": true, "total": 16, "passed_cases": 15, "failed": 1, "unexpected_allows": 1}
{"name": "restored policy blocks analyst", "timestamp": "2026-10-04T02:03:10.139530+02:00", "passed": true, "status": 200, "decision": "BLOCK", "policy": "portfolio_restricted", "event_agrees": true}
{"name": "approval expires across real restart", "timestamp": "2026-10-04T02:03:10.713546+02:00", "passed": true, "status": 409, "fixture": "created timestamp aged in stopped owned SQLite state", "executed": false}
{"name": "audit and SQLite exclude synthetic secret/encoded credential", "timestamp": "2026-10-04T02:03:10.715493+02:00", "passed": true, "checked_pools": ["protected events", "telemetry", "approvals"], "secrets_absent": true}
{"name": "fresh quota request 1", "timestamp": "2026-10-04T02:03:11.653673+02:00", "passed": true, "status": 200, "decision": "ALLOW", "policy": "portfolio_restricted", "event_agrees": true}
{"name": "fresh quota request 2", "timestamp": "2026-10-04T02:03:11.672130+02:00", "passed": true, "status": 200, "decision": "ALLOW", "policy": "portfolio_restricted", "event_agrees": true}
{"name": "fresh quota request 3", "timestamp": "2026-10-04T02:03:11.688256+02:00", "passed": true, "status": 200, "decision": "THROTTLE", "policy": "budget", "event_agrees": true}
{"name": "lowering limits retains consumed quota", "timestamp": "2026-10-04T02:03:11.707998+02:00", "passed": true, "status": 200, "decision": "THROTTLE", "policy": "budget", "event_agrees": true}
{"name": "lowered limits and consumed usage", "timestamp": "2026-10-04T02:03:11.715120+02:00", "passed": true, "requests_used": 2, "character_units_used": 16, "requests_limit": 1, "character_unit_limit": 15}
{"name": "restart retains consumed quota", "timestamp": "2026-10-04T02:03:12.304006+02:00", "passed": true, "status": 200, "decision": "THROTTLE", "policy": "budget", "event_agrees": true}
{"name": "bounded concurrent HTTP quota", "timestamp": "2026-10-04T02:03:12.542168+02:00", "passed": true, "requests": 20, "concurrent_workers": 8, "allowed": 3, "throttled": 17}
{"name": "local-demo policy initial manager", "timestamp": "2026-10-04T02:03:13.113211+02:00", "passed": true, "status": 200, "decision": "ALLOW", "policy": "portfolio_restricted", "event_agrees": true}
{"name": "valid policy reload changes authorization", "timestamp": "2026-10-04T02:03:13.134921+02:00", "passed": true, "status": 200, "decision": "BLOCK", "policy": "portfolio_restricted", "event_agrees": true}
{"name": "invalid policy unknown control", "timestamp": "2026-10-04T02:03:13.157695+02:00", "passed": true, "status": 200, "decision": "BLOCK", "policy": "fail_closed", "event_agrees": true}
{"name": "invalid policy missing budgets", "timestamp": "2026-10-04T02:03:13.182279+02:00", "passed": true, "status": 200, "decision": "BLOCK", "policy": "fail_closed", "event_agrees": true}
{"name": "malformed YAML disables policy", "timestamp": "2026-10-04T02:03:13.204524+02:00", "passed": true, "status": 200, "decision": "BLOCK", "policy": "fail_closed", "event_agrees": true}
{"name": "repaired policy recovers", "timestamp": "2026-10-04T02:03:13.225955+02:00", "passed": true, "status": 200, "decision": "ALLOW", "policy": "portfolio_restricted", "event_agrees": true}
{"name": "policy lifecycle visible in documented local-demo", "timestamp": "2026-10-04T02:03:13.229988+02:00", "passed": true, "valid_changed": true, "invalid_disabled": true, "repaired": true, "selectable_identity_not_authentication": true}
