{
  "startedAt": "2026-10-04T00:09:34.233Z",
  "completedAt": "2026-10-04T00:09:39.685Z",
  "timezone": "Europe/Warsaw",
  "browser": "154.0.8037.97",
  "hostileResponse": {
    "type": "opaque",
    "status": 0
  },
  "hostileRunStatus": "not_run",
  "authenticatedRedteam": {
    "total": 16,
    "passed": 16,
    "failed": 0
  },
  "dashboard": "PASS: authenticated manager evaluation, own event detail, action, disconnect",
  "storage": {
    "local": 0,
    "session": 0
  },
  "outputSecrecy": {
    "permitted": "REDACT",
    "restrictedExternal": "BLOCK",
    "auditContainsSecret": false
  },
  "liveCases": [
    {
      "scenario": "normal",
      "decision": "ALLOW",
      "policy": "market_public",
      "event_id": "328c7bd6-44d3-4afc-8cbc-cf55f99bbd0c"
    },
    {
      "scenario": "analyst",
      "decision": "BLOCK",
      "policy": "portfolio_restricted",
      "event_id": "4b3dbc3b-fbd0-412e-ad49-87b956b81c60"
    },
    {
      "scenario": "manager",
      "decision": "ALLOW",
      "policy": "portfolio_restricted",
      "event_id": "77af59af-006d-46f3-ac86-6414bb739378"
    },
    {
      "scenario": "external",
      "decision": "BLOCK",
      "policy": "external_exfiltration",
      "event_id": "92019648-cd9b-4598-ba2f-68328f69d957"
    },
    {
      "scenario": "tool",
      "decision": "BLOCK",
      "policy": "tool_guard",
      "event_id": "b53bc8e3-825e-4f0f-95e9-98f1e9aeb8d3"
    }
  ],
  "freshQuota": [
    "ALLOW",
    "ALLOW",
    "THROTTLE"
  ],
  "browserResponsesIntercepted": false,
  "pageErrors": [],
  "networkFailures": [],
  "expectedDeniedResponseCancellations": [
    {
      "path": "/api/redteam/run",
      "status": 403,
      "failure": "net::ERR_ABORTED"
    },
    {
      "path": "/api/events",
      "status": 401,
      "failure": "net::ERR_ABORTED"
    },
    {
      "path": "/api/events",
      "status": 401,
      "failure": "net::ERR_ABORTED"
    }
  ],
  "expected401ConsoleErrors": 2,
  "expectedHostile403ConsoleErrors": 1,
  "otherConsoleErrors": 0,
  "externalRequests": [],
  "frontendIntegrationExit": 0,
  "sourceHashes": {
    "frontend/src/adapter.ts": "db1b53c8c23138f17c5c43132c7049610bff9ba1f0b7d5b7887be0ae9f0bb93c",
    "frontend/src/api.ts": "f643549a5a261718ea8ae55340f2c2b6744cb8410460e432847cfc5f82b94754",
    "frontend/src/App.tsx": "ae0f12ea7415ed25bb35bb51bc94dfa30d5f595e1fe859c35dc8f4ba3231ad47",
    "frontend/src/components.tsx": "dec5b3fc41906e519b17f21bf55ed37a2b6aa908bceea1248f09be6e5356518a",
    "frontend/src/scenarios.ts": "361aa8f57c9af290fadcb8ec201631416021c0741e861b668a19ccb99c7ed3d5",
    "frontend/vite.config.ts": "c3bfde35ddb79436d4cb0a9f687769836d669ad9da0e5745e677e1ce46a5e84f",
    "frontend/scripts/verify-security.mjs": "26f54a22449328a25efd314d61bb93c8ba009da9627c8173a4a73bc90030fcb4",
    "backend/guards.py": "3d5691377b6c021a380160391df56ab1e64b19fffb09e4e902d1e7cfc8496fa8",
    "backend/redteam.py": "0295d9fe517753db7348e62ca3040ef43c6fa26ff394388e1843498796c02e77",
    "policies/default.yaml": "58e1056de4028e59a480bb17a729ea3db8b2c68490ce32cfd8f4809db09aedc9"
  },
  "scope": "Fresh loopback HTTP services after locked prerequisites. Offline runtime verified with no external browser requests; offline installation, production TLS/identity-provider/runtime deployment, axe, screen-reader, CWV and visual baseline comparison not verified.",
  "cleanup": {
    "ownedProcesses": [
      {
        "pid": 28264,
        "stopped": true
      },
      {
        "pid": 23500,
        "stopped": true
      },
      {
        "pid": 12560,
        "stopped": true
      },
      {
        "pid": 18964,
        "stopped": true
      },
      {
        "pid": 5116,
        "stopped": true
      }
    ],
    "ownedServersClosed": true
  }
}
