vite v7.3.6 building client environment for production...
transforming...
node_modules/zod/v4/core/regexes.js (74:0): A comment

"/** Anchors a pattern source. The interpolation lives here rather than at the call site because
 * esbuild will not drop a `@__PURE__` call whose own argument interpolates a variable, but it
 * will drop `anchor(dateSource)`. Keeping it inline pinned `date` into every bundle. */"

in "node_modules/zod/v4/core/regexes.js" contains an annotation that Rollup cannot interpret due to the position of the comment. The comment will be removed to avoid issues.
node_modules/zod/v4/core/util.js (400:0): A comment

"// Wrapped in a `@__PURE__` IIFE: esbuild never tree-shakes a top-level initializer that contains a member access on `Number`, so the bare object literal survived into every bundle."

in "node_modules/zod/v4/core/util.js" contains an annotation that Rollup cannot interpret due to the position of the comment. The comment will be removed to avoid issues.
✓ 132 modules transformed.
rendering chunks...
computing gzip size...
dist/index.html                                            0.42 kB │ gzip:   0.30 kB
dist/assets/geist-vietnamese-600-normal-BFUgqsz8.woff2     4.16 kB
dist/assets/geist-cyrillic-ext-400-normal-ChfpGzr5.woff    4.29 kB
dist/assets/geist-cyrillic-ext-600-normal-PR76dHFV.woff    4.33 kB
dist/assets/geist-cyrillic-ext-500-normal-BXrH8YSv.woff    4.33 kB
dist/assets/geist-vietnamese-400-normal-C8xY9-dI.woff      5.66 kB
dist/assets/geist-vietnamese-500-normal-_b1ojCbH.woff      5.72 kB
dist/assets/geist-vietnamese-600-normal-B5MZcNo4.woff      5.76 kB
dist/assets/geist-cyrillic-400-normal-DXusLSnH.woff2       6.12 kB
dist/assets/geist-cyrillic-500-normal-NWpm63d5.woff2       6.33 kB
dist/assets/geist-cyrillic-600-normal-BeW5VFD_.woff2       6.36 kB
dist/assets/geist-latin-ext-400-normal-CND6cjiG.woff2      7.83 kB
dist/assets/geist-cyrillic-400-normal-DkrqoNl2.woff        7.92 kB
dist/assets/geist-latin-ext-500-normal-BovoTgeE.woff2      7.94 kB
dist/assets/geist-latin-ext-600-normal-CVFbg5dS.woff2      8.00 kB
dist/assets/geist-cyrillic-500-normal-BboVsk8R.woff        8.08 kB
dist/assets/geist-cyrillic-600-normal-CnEeIcMC.woff        8.10 kB
dist/assets/geist-latin-ext-400-normal-Bz1pQMyt.woff      10.68 kB
dist/assets/geist-latin-ext-500-normal-C9fx-R30.woff      10.80 kB
dist/assets/geist-latin-ext-600-normal-TmIUreF9.woff      10.87 kB
dist/assets/geist-latin-400-normal-B40WzpMT.woff2         12.96 kB
dist/assets/geist-latin-500-normal-CTWBw9NS.woff2         13.30 kB
dist/assets/geist-latin-600-normal-CSETrqM2.woff2         13.37 kB
dist/assets/geist-latin-400-normal-akEymXtG.woff          16.76 kB
dist/assets/geist-latin-500-normal-BDXIbFrL.woff          17.10 kB
dist/assets/geist-latin-600-normal-DsPlZH-9.woff          17.15 kB
dist/assets/index-BrYFaeDf.css                            39.82 kB │ gzip:  22.44 kB
dist/assets/index-CYtx_pv_.js                            331.43 kB │ gzip: 100.64 kB
✓ built in 1.32s
